ubuntu:~/environment/nebulous-nadir (master) $ git remote add origin git@github.com:sashapivovarova/astro.git                                               
fatal: remote origin already exists.
ubuntu:~/environment/nebulous-nadir (master) $ git add . 
ubuntu:~/environment/nebulous-nadir (master) $ git commit -m "First commit"
On branch master
nothing to commit, working tree clean
ubuntu:~/environment/nebulous-nadir (master) $ git push -u origin master
Counting objects: 17, done.
Compressing objects: 100% (13/13), done.
Writing objects: 100% (17/17), 88.28 KiB | 4.65 MiB/s, done.
Total 17 (delta 0), reused 0 (delta 0)
remote: 
remote: Create a pull request for 'master' on GitHub by visiting:
remote:      https://github.com/sashapivovarova/astro/pull/new/master
remote: 
To github.com:sashapivovarova/astro
 * [new branch]      master -> master
Branch 'master' set up to track remote branch 'master' from 'origin'.
ubuntu:~/environment/nebulous-nadir (master) $ 
